data_storage.c:17:6:init_data_st	16	static
data_storage.c:22:6:backup_dateTime	8	static
data_storage.c:27:6:send_time	8	static
data_storage.c:31:6:send_date	8	static
data_storage.c:35:6:send_dateTime	16	static
data_storage.c:40:6:dateTimeToString	40	static
data_storage.c:45:6:get_Time	16	static
data_storage.c:49:6:get_Date	24	static
data_storage.c:53:6:change_time	16	static
data_storage.c:59:5:nextField	16	static
data_storage.c:63:6:change_sec	16	static
data_storage.c:67:6:change_min	16	static
data_storage.c:71:6:change_hour	16	static
data_storage.c:75:6:change_day	16	static
data_storage.c:79:6:change_month	16	static
data_storage.c:83:6:change_year	16	static
