16:58:38 **** Incremental Build of configuration Debug for project CMSIS_CORE_LPC17xx ****
make -r all 
make: Nothing to be done for 'all'.
16:58:38 **** Incremental Build of configuration Debug for project lab_3 ****
make -r -j8 all 
Building target: lab_3.axf
Invoking: MCU Linker
arm-none-eabi-gcc -nostdlib -L"D:\Isel\19-20\Inverno\SE1\CMSIS_CORE_LPC17xx\Debug" -L"D:\Isel\19-20\Inverno\SE1\SE1920\Debug" -Xlinker -Map="lab_3.map" -Xlinker --cref -Xlinker --gc-sections -Xlinker -print-memory-usage -mcpu=cortex-m3 -mthumb -T "lab_2_Debug.ld" -o "lab_3.axf"  ./src/cr_startup_lpc175x_6x.o ./src/crp.o ./src/lab_3.o   -lCMSIS_CORE_LPC17xx -lSE1920
Memory region         Used Size  Region Size  %age Used
       MFlash512:       12028 B       512 KB      2.29%
        RamLoc32:         508 B        32 KB      1.55%
        RamAHB32:          0 GB        32 KB      0.00%
Finished building target: lab_3.axf
 
make --no-print-directory post-build
Performing post-build steps
arm-none-eabi-size "lab_3.axf"; # arm-none-eabi-objcopy -v -O binary "lab_3.axf" "lab_3.bin" ; # checksum -p LPC1769 -d "lab_3.bin";
   text	   data	    bss	    dec	    hex	filename
  12024	      4	    504	  12532	   30f4	lab_3.axf
 
16:58:46 **** Incremental Build of configuration Debug for project CMSIS_CORE_LPC17xx ****
make -r all 
make: Nothing to be done for 'all'.
16:58:47 **** Incremental Build of configuration Debug for project lab_3 ****
make -r -j8 all 
make: Nothing to be done for 'all'.
16:58:49 **** Incremental Build of configuration Debug for project lab_3 ****
make -r -j8 all 
make: Nothing to be done for 'all'.
