23:37:15 **** Build of configuration Debug for project project ****
make -r -j8 all 
Building file: ../src/cr_startup_lpc175x_6x.c
Building file: ../src/crp.c
Building file: ../src/project.c
Invoking: MCU C Compiler
Invoking: MCU C Compiler
arm-none-eabi-gcc -DDEBUG -D__CODE_RED -DCORE_M3 -D__USE_CMSIS=CMSIS_CORE_LPC17xx -D__LPC17XX__ -D__REDLIB__ -I"D:\Isel\19-20\Inverno\SE1\project\inc" -I"D:\Isel\19-20\Inverno\SE1\CMSIS_CORE_LPC17xx\inc" -O0 -fno-common -g3 -Wall -c -fmessage-length=0 -fno-builtin -ffunction-sections -fdata-sections -mcpu=cortex-m3 -mthumb -fstack-usage -specs=redlib.specs -MMD -MP -MF"src/crp.d" -MT"src/crp.o" -MT"src/crp.d" -o "src/crp.o" "../src/crp.c"
Invoking: MCU C Compiler
arm-none-eabi-gcc -DDEBUG -D__CODE_RED -DCORE_M3 -D__USE_CMSIS=CMSIS_CORE_LPC17xx -D__LPC17XX__ -D__REDLIB__ -I"D:\Isel\19-20\Inverno\SE1\project\inc" -I"D:\Isel\19-20\Inverno\SE1\CMSIS_CORE_LPC17xx\inc" -O0 -fno-common -g3 -Wall -c -fmessage-length=0 -fno-builtin -ffunction-sections -fdata-sections -mcpu=cortex-m3 -mthumb -fstack-usage -specs=redlib.specs -MMD -MP -MF"src/cr_startup_lpc175x_6x.d" -MT"src/cr_startup_lpc175x_6x.o" -MT"src/cr_startup_lpc175x_6x.d" -o "src/cr_startup_lpc175x_6x.o" "../src/cr_startup_lpc175x_6x.c"
arm-none-eabi-gcc -DDEBUG -D__CODE_RED -DCORE_M3 -D__USE_CMSIS=CMSIS_CORE_LPC17xx -D__LPC17XX__ -D__REDLIB__ -I"D:\Isel\19-20\Inverno\SE1\project\inc" -I"D:\Isel\19-20\Inverno\SE1\CMSIS_CORE_LPC17xx\inc" -O0 -fno-common -g3 -Wall -c -fmessage-length=0 -fno-builtin -ffunction-sections -fdata-sections -mcpu=cortex-m3 -mthumb -fstack-usage -specs=redlib.specs -MMD -MP -MF"src/project.d" -MT"src/project.o" -MT"src/project.d" -o "src/project.o" "../src/project.c"
Finished building: ../src/crp.c
 
Finished building: ../src/cr_startup_lpc175x_6x.c
Finished building: ../src/project.c
 
 
Building target: project.axf
Invoking: MCU Linker
arm-none-eabi-gcc -nostdlib -L"D:\Isel\19-20\Inverno\SE1\CMSIS_CORE_LPC17xx\Debug" -Xlinker -Map="project.map" -Xlinker --cref -Xlinker --gc-sections -Xlinker -print-memory-usage -mcpu=cortex-m3 -mthumb -T "project_Debug.ld" -o "project.axf"  ./src/cr_startup_lpc175x_6x.o ./src/crp.o ./src/project.o   -lCMSIS_CORE_LPC17xx
Memory region         Used Size  Region Size  %age Used
       MFlash512:       10896 B       512 KB      2.08%
        RamLoc32:         496 B        32 KB      1.51%
        RamAHB32:          0 GB        32 KB      0.00%
Finished building target: project.axf
 
make --no-print-directory post-build
Performing post-build steps
arm-none-eabi-size "project.axf"; # arm-none-eabi-objcopy -v -O binary "project.axf" "project.bin" ; # checksum -p LPC1769 -d "project.bin";
   text	   data	    bss	    dec	    hex	filename
  10896	      0	    496	  11392	   2c80	project.axf
 

23:37:17 Build Finished. 0 errors, 0 warnings. (took 1s.384ms)

