18:42:54 **** Incremental Build of configuration Debug for project project ****
make -r -j8 all 
Building file: ../src/data_storage.c
Invoking: MCU C Compiler
arm-none-eabi-gcc -DDEBUG -D__CODE_RED -DCORE_M3 -D__USE_CMSIS=CMSIS_CORE_LPC17xx -D__LPC17XX__ -D__REDLIB__ -I"D:\Isel\19-20\Inverno\SE1\project\inc" -I"D:\Isel\19-20\Inverno\SE1\SE1920\inc" -I"D:\Isel\19-20\Inverno\SE1\CMSIS_CORE_LPC17xx\inc" -O0 -fno-common -g3 -Wall -c -fmessage-length=0 -fno-builtin -ffunction-sections -fdata-sections -mcpu=cortex-m3 -mthumb -fstack-usage -specs=redlib.specs -MMD -MP -MF"src/data_storage.d" -MT"src/data_storage.o" -MT"src/data_storage.d" -o "src/data_storage.o" "../src/data_storage.c"
Finished building: ../src/data_storage.c
 
Building target: project.axf
Invoking: MCU Linker
arm-none-eabi-gcc -nostdlib -L"D:\Isel\19-20\Inverno\SE1\CMSIS_CORE_LPC17xx\Debug" -L"D:\Isel\19-20\Inverno\SE1\SE1920\Debug" -Xlinker -Map="project.map" -Xlinker --cref -Xlinker --gc-sections -Xlinker -print-memory-usage -mcpu=cortex-m3 -mthumb -T "project_Debug.ld" -o "project.axf"  ./src/cr_startup_lpc175x_6x.o ./src/crp.o ./src/data_storage.o ./src/menu.o ./src/menu_maintenance.o ./src/menu_normal.o ./src/project.o ./src/view.o   -lCMSIS_CORE_LPC17xx -lSE1920
Memory region         Used Size  Region Size  %age Used
       MFlash512:       20216 B       512 KB      3.86%
        RamLoc32:         924 B        32 KB      2.82%
        RamAHB32:          0 GB        32 KB      0.00%
Finished building target: project.axf
 
make --no-print-directory post-build
Performing post-build steps
arm-none-eabi-size "project.axf"; # arm-none-eabi-objcopy -v -O binary "project.axf" "project.bin" ; # checksum -p LPC1769 -d "project.bin";
   text	   data	    bss	    dec	    hex	filename
  20024	    192	    732	  20948	   51d4	project.axf
 

18:42:55 Build Finished. 0 errors, 0 warnings. (took 998ms)

