16:50:13 **** Incremental Build of configuration Debug for project SE1920 ****
make -r all 
Building file: ../src/flash.c
Invoking: MCU C Compiler
arm-none-eabi-gcc -DDEBUG -D__CODE_RED -D__REDLIB__ -DCORE_M3 -D__USE_CMSIS=CMSIS_CORE_LPC17xx -D__LPC17XX__ -I"D:\Isel\19-20\Inverno\SE1\SE1920\inc" -I"D:\Isel\19-20\Inverno\SE1\CMSIS_CORE_LPC17xx\inc" -O0 -fno-common -g3 -Wall -c -fmessage-length=0 -fno-builtin -ffunction-sections -fdata-sections -mcpu=cortex-m3 -mthumb -fstack-usage -specs=redlib.specs -MMD -MP -MF"src/flash.d" -MT"src/flash.o" -MT"src/flash.d" -o "src/flash.o" "../src/flash.c"
Finished building: ../src/flash.c
 
Building target: libSE1920.a
Invoking: MCU Archiver
arm-none-eabi-ar -r  "libSE1920.a"  ./src/BMP280.o ./src/button.o ./src/flash.o ./src/iap.o ./src/lcd.o ./src/led.o ./src/peripherals.o ./src/rtc.o ./src/spi.o ./src/ui.o ./src/wait.o   
arm-none-eabi-ar: creating libSE1920.a
Finished building target: libSE1920.a
 
make --no-print-directory post-build
Performing post-build steps
arm-none-eabi-size "libSE1920.a" ; # arm-none-eabi-objdump -h -S "libSE1920.a" >"libSE1920.lss"
   text	   data	    bss	    dec	    hex	filename
   1848	     48	     40	   1936	    790	BMP280.o (ex libSE1920.a)
    390	      0	      6	    396	    18c	button.o (ex libSE1920.a)
     68	      4	      0	     72	     48	flash.o (ex libSE1920.a)
    710	      8	     40	    758	    2f6	iap.o (ex libSE1920.a)
    872	      0	      4	    876	    36c	lcd.o (ex libSE1920.a)
    120	      0	      4	    124	     7c	led.o (ex libSE1920.a)
     26	      0	      0	     26	     1a	peripherals.o (ex libSE1920.a)
    704	      0	      0	    704	    2c0	rtc.o (ex libSE1920.a)
    460	      0	      0	    460	    1cc	spi.o (ex libSE1920.a)
     20	      0	      0	     20	     14	ui.o (ex libSE1920.a)
    518	      0	      4	    522	    20a	wait.o (ex libSE1920.a)
 

16:50:14 Build Finished. 0 errors, 0 warnings. (took 1s.34ms)

