16:58:17 **** Incremental Build of configuration Debug for project SE1920 ****
make -r all 
Building file: ../src/led.c
Invoking: MCU C Compiler
arm-none-eabi-gcc -DDEBUG -D__CODE_RED -D__REDLIB__ -DCORE_M3 -D__USE_CMSIS=CMSIS_CORE_LPC17xx -D__LPC17XX__ -I"D:\Isel\19-20\Inverno\SE1\SE1920\inc" -I"D:\Isel\19-20\Inverno\SE1\CMSIS_CORE_LPC17xx\inc" -O0 -fno-common -g3 -Wall -c -fmessage-length=0 -fno-builtin -ffunction-sections -fdata-sections -mcpu=cortex-m3 -mthumb -fstack-usage -specs=redlib.specs -MMD -MP -MF"src/led.d" -MT"src/led.o" -MT"src/led.d" -o "src/led.o" "../src/led.c"
Finished building: ../src/led.c
 
Building file: ../src/ui.c
Invoking: MCU C Compiler
arm-none-eabi-gcc -DDEBUG -D__CODE_RED -D__REDLIB__ -DCORE_M3 -D__USE_CMSIS=CMSIS_CORE_LPC17xx -D__LPC17XX__ -I"D:\Isel\19-20\Inverno\SE1\SE1920\inc" -I"D:\Isel\19-20\Inverno\SE1\CMSIS_CORE_LPC17xx\inc" -O0 -fno-common -g3 -Wall -c -fmessage-length=0 -fno-builtin -ffunction-sections -fdata-sections -mcpu=cortex-m3 -mthumb -fstack-usage -specs=redlib.specs -MMD -MP -MF"src/ui.d" -MT"src/ui.o" -MT"src/ui.d" -o "src/ui.o" "../src/ui.c"
Finished building: ../src/ui.c
 
Building target: libSE1920.a
Invoking: MCU Archiver
arm-none-eabi-ar -r  "libSE1920.a"  ./src/led.o ./src/ui.o ./src/wait.o   
arm-none-eabi-ar: creating libSE1920.a
Finished building target: libSE1920.a
 
make --no-print-directory post-build
Performing post-build steps
arm-none-eabi-size "libSE1920.a" ; # arm-none-eabi-objdump -h -S "libSE1920.a" >"libSE1920.lss"
   text	   data	    bss	    dec	    hex	filename
    120	      0	      4	    124	     7c	led.o (ex libSE1920.a)
     16	      0	      0	     16	     10	ui.o (ex libSE1920.a)
    396	      0	      4	    400	    190	wait.o (ex libSE1920.a)
 

16:58:19 Build Finished. 0 errors, 0 warnings. (took 1s.445ms)

